// Jest Snapshot v1, https://goo.gl/fbAQLP

exports[`Test Rockets page Takes a snapshot 1`] = `
Object {
  "asFragment": [Function],
  "baseElement": <body>
    <div>
      <div
        class="rockets-main-container"
      >
        <div
          class="container"
        >
          <div
            class="my-4 row"
            id="1"
          >
            <div
              class="col-md-3"
            >
              <img
                alt="rocket img"
                class="w-100"
                src="https://imgur.com/DaCfMsj.jpg"
              />
            </div>
            <div
              class="col"
            >
              <p
                class="rocket-name"
              />
              <p
                class="rocket-desc"
              >
                <span
                  class="reserve-span"
                >
                  Reserved
                </span>
                The Falcon 1 was an expendable launch system privately developed and manufactured by SpaceX during 2006-2009. On 28 September 2008, Falcon 1 became the first privately-developed liquid-fuel launch vehicle to go into orbit around the Earth.
              </p>
              <button
                class="btn btn-outline-secondary"
                type="button"
              >
                Cancel Reservation
              </button>
            </div>
          </div>
          <div
            class="my-4 row"
            id="2"
          >
            <div
              class="col-md-3"
            >
              <img
                alt="rocket img"
                class="w-100"
                src="https://farm1.staticflickr.com/929/28787338307_3453a11a77_b.jpg"
              />
            </div>
            <div
              class="col"
            >
              <p
                class="rocket-name"
              />
              <p
                class="rocket-desc"
              >
                <span
                  class="reserve-span"
                >
                  Reserved
                </span>
                Falcon 9 is a two-stage rocket designed and manufactured by SpaceX for the reliable and safe transport of satellites and the Dragon spacecraft into orbit.
              </p>
              <button
                class="btn btn-outline-secondary"
                type="button"
              >
                Cancel Reservation
              </button>
            </div>
          </div>
        </div>
      </div>
    </div>
  </body>,
  "container": <div>
    <div
      class="rockets-main-container"
    >
      <div
        class="container"
      >
        <div
          class="my-4 row"
          id="1"
        >
          <div
            class="col-md-3"
          >
            <img
              alt="rocket img"
              class="w-100"
              src="https://imgur.com/DaCfMsj.jpg"
            />
          </div>
          <div
            class="col"
          >
            <p
              class="rocket-name"
            />
            <p
              class="rocket-desc"
            >
              <span
                class="reserve-span"
              >
                Reserved
              </span>
              The Falcon 1 was an expendable launch system privately developed and manufactured by SpaceX during 2006-2009. On 28 September 2008, Falcon 1 became the first privately-developed liquid-fuel launch vehicle to go into orbit around the Earth.
            </p>
            <button
              class="btn btn-outline-secondary"
              type="button"
            >
              Cancel Reservation
            </button>
          </div>
        </div>
        <div
          class="my-4 row"
          id="2"
        >
          <div
            class="col-md-3"
          >
            <img
              alt="rocket img"
              class="w-100"
              src="https://farm1.staticflickr.com/929/28787338307_3453a11a77_b.jpg"
            />
          </div>
          <div
            class="col"
          >
            <p
              class="rocket-name"
            />
            <p
              class="rocket-desc"
            >
              <span
                class="reserve-span"
              >
                Reserved
              </span>
              Falcon 9 is a two-stage rocket designed and manufactured by SpaceX for the reliable and safe transport of satellites and the Dragon spacecraft into orbit.
            </p>
            <button
              class="btn btn-outline-secondary"
              type="button"
            >
              Cancel Reservation
            </button>
          </div>
        </div>
      </div>
    </div>
  </div>,
  "debug": [Function],
  "findAllByAltText": [Function],
  "findAllByDisplayValue": [Function],
  "findAllByLabelText": [Function],
  "findAllByPlaceholderText": [Function],
  "findAllByRole": [Function],
  "findAllByTestId": [Function],
  "findAllByText": [Function],
  "findAllByTitle": [Function],
  "findByAltText": [Function],
  "findByDisplayValue": [Function],
  "findByLabelText": [Function],
  "findByPlaceholderText": [Function],
  "findByRole": [Function],
  "findByTestId": [Function],
  "findByText": [Function],
  "findByTitle": [Function],
  "getAllByAltText": [Function],
  "getAllByDisplayValue": [Function],
  "getAllByLabelText": [Function],
  "getAllByPlaceholderText": [Function],
  "getAllByRole": [Function],
  "getAllByTestId": [Function],
  "getAllByText": [Function],
  "getAllByTitle": [Function],
  "getByAltText": [Function],
  "getByDisplayValue": [Function],
  "getByLabelText": [Function],
  "getByPlaceholderText": [Function],
  "getByRole": [Function],
  "getByTestId": [Function],
  "getByText": [Function],
  "getByTitle": [Function],
  "queryAllByAltText": [Function],
  "queryAllByDisplayValue": [Function],
  "queryAllByLabelText": [Function],
  "queryAllByPlaceholderText": [Function],
  "queryAllByRole": [Function],
  "queryAllByTestId": [Function],
  "queryAllByText": [Function],
  "queryAllByTitle": [Function],
  "queryByAltText": [Function],
  "queryByDisplayValue": [Function],
  "queryByLabelText": [Function],
  "queryByPlaceholderText": [Function],
  "queryByRole": [Function],
  "queryByTestId": [Function],
  "queryByText": [Function],
  "queryByTitle": [Function],
  "rerender": [Function],
  "unmount": [Function],
}
`;
