// Jest Snapshot v1, https://goo.gl/fbAQLP

exports[`Renders Navbar 1`] = `
<nav
  className="navbar navbar-expand-lg navbar-light bg-light"
>
  <div
    className="container"
  >
    <span
      className="navbar-brand"
    >
      <img
        alt="space travelers"
        className="logo"
        src="planet.png"
      />
      <span
        className="mx-2"
      >
        Space Travelers
      </span>
    </span>
    <button
      aria-controls="responsive-navbar-nav"
      aria-label="Toggle navigation"
      className="navbar-toggler collapsed"
      onClick={[Function]}
      type="button"
    >
      <span
        className="navbar-toggler-icon"
      />
    </button>
    <div
      aria-expanded={null}
      className="navbar-collapse collapse"
      id="responsive-navbar-nav"
    >
      <div
        className="ms-auto gap-4 navbar-nav"
        onKeyDown={[Function]}
      >
        <a
          aria-current="page"
          className="text-dark active"
          href="/"
          onClick={[Function]}
          style={
            Object {
              "borderBottom": "1px solid #444",
            }
          }
        >
          Rockets
        </a>
        <a
          className="text-dark"
          href="/missions"
          onClick={[Function]}
        >
          Missions
        </a>
        <a
          className="text-dark"
          href="/profile"
          onClick={[Function]}
        >
          My Profile
        </a>
      </div>
    </div>
  </div>
</nav>
`;
